// Bun Snapshot v1, https://bun.sh/docs/test/snapshots

exports[`dependency manifest manifest dependency snapshot 1`] = `
[
  {
    "dependencies": [
      "ai-sdk",
    ],
    "includeCount": 2,
    "template": "agents/ai-architect.md.tmpl",
  },
  {
    "dependencies": [
      "deployments-cicd",
      "vercel-functions",
    ],
    "includeCount": 10,
    "template": "agents/deployment-expert.md.tmpl",
  },
  {
    "dependencies": [
      "next-cache-components",
      "nextjs",
    ],
    "includeCount": 8,
    "template": "agents/performance-optimizer.md.tmpl",
  },
  {
    "dependencies": [
      "bootstrap",
    ],
    "includeCount": 9,
    "template": "commands/bootstrap.md.tmpl",
  },
  {
    "dependencies": [
      "deployments-cicd",
    ],
    "includeCount": 5,
    "template": "commands/deploy.md.tmpl",
  },
  {
    "dependencies": [
      "env-vars",
    ],
    "includeCount": 6,
    "template": "commands/env.md.tmpl",
  },
  {
    "dependencies": [],
    "includeCount": 0,
    "template": "commands/status.md.tmpl",
  },
]
`;

exports[`CLI --json output shape --json output shape snapshot 1`] = `
[
  {
    "dependencyCount": 1,
    "diagnosticCount": 0,
    "resolvedCount": 2,
    "status": "unchanged",
    "template": "agents/ai-architect.md",
  },
  {
    "dependencyCount": 2,
    "diagnosticCount": 0,
    "resolvedCount": 10,
    "status": "unchanged",
    "template": "agents/deployment-expert.md",
  },
  {
    "dependencyCount": 2,
    "diagnosticCount": 0,
    "resolvedCount": 8,
    "status": "unchanged",
    "template": "agents/performance-optimizer.md",
  },
  {
    "dependencyCount": 1,
    "diagnosticCount": 0,
    "resolvedCount": 9,
    "status": "unchanged",
    "template": "commands/bootstrap.md",
  },
  {
    "dependencyCount": 1,
    "diagnosticCount": 0,
    "resolvedCount": 5,
    "status": "unchanged",
    "template": "commands/deploy.md",
  },
  {
    "dependencyCount": 1,
    "diagnosticCount": 0,
    "resolvedCount": 6,
    "status": "unchanged",
    "template": "commands/env.md",
  },
  {
    "dependencyCount": 0,
    "diagnosticCount": 0,
    "resolvedCount": 0,
    "status": "unchanged",
    "template": "commands/status.md",
  },
]
`;
